// Jest Snapshot v1, https://goo.gl/fbAQLP

exports[`App renders 1`] = `
<div
  className="App"
>
  <DemoEditor
    extended={false}
  />
  <DemoEditor
    extended={true}
  />
</div>
`;
